WARNING: A terminally deprecated method in sun.misc.Unsafe has been called
WARNING: sun.misc.Unsafe::staticFieldBase has been called by com.google.inject.internal.aop.HiddenClassDefiner (file:/C:/Users/Youcode/.m2/wrapper/dists/apache-maven-3.9.11/03d7e36a140982eea48e22c1dcac01d8862b2550b2939e09a0809bbc5182a5bc/lib/guice-5.1.0-classes.jar)
WARNING: Please consider reporting this to the maintainers of class com.google.inject.internal.aop.HiddenClassDefiner
WARNING: sun.misc.Unsafe::staticFieldBase will be removed in a future release
[INFO] Scanning for projects...
[INFO] 
[INFO] ------------------< org.userManagement:TraceAndTrust >------------------
[INFO] Building TraceAndTrust 0.0.1-SNAPSHOT
[INFO]   from pom.xml
[INFO] --------------------------------[ jar ]---------------------------------
[INFO] 
[INFO] --- clean:3.4.0:clean (default-clean) @ TraceAndTrust ---
[INFO] Deleting C:\Users\Youcode\Desktop\briefs\TraceAndTrust\target
[INFO] 
[INFO] --- jacoco:0.8.11:prepare-agent (prepare-agent) @ TraceAndTrust ---
[INFO] argLine set to -javaagent:C:\\Users\\Youcode\\.m2\\repository\\org\\jacoco\\org.jacoco.agent\\0.8.11\\org.jacoco.agent-0.8.11-runtime.jar=destfile=C:\\Users\\Youcode\\Desktop\\briefs\\TraceAndTrust\\target\\jacoco.exec,excludes=**/dto/**/*:**/entity/**/*:**/enums/**/*:**/mapper/**/*Impl.class:**/TraceAndTrustApplication.class:**/exception/ApiError.class
[INFO] 
[INFO] --- resources:3.3.1:resources (default-resources) @ TraceAndTrust ---
[INFO] Copying 1 resource from src\main\resources to target\classes
[INFO] Copying 1 resource from src\main\resources to target\classes
[INFO] 
[INFO] --- compiler:3.13.0:compile (default-compile) @ TraceAndTrust ---
[INFO] Recompiling the module because of changed source code.
[INFO] Compiling 125 source files with javac [debug parameters release 17] to target\classes
[INFO] ------------------------------------------------------------------------
[INFO] BUILD FAILURE
[INFO] ------------------------------------------------------------------------
[INFO] Total time:  8.197 s
[INFO] Finished at: 2026-01-29T13:46:18+01:00
[INFO] ------------------------------------------------------------------------
[ERROR] Failed to execute goal org.apache.maven.plugins:maven-compiler-plugin:3.13.0:compile (default-compile) on project TraceAndTrust: Fatal error compiling: java.lang.ExceptionInInitializerError: com.sun.tools.javac.code.TypeTag :: UNKNOWN -> [Help 1]
[ERROR] 
[ERROR] To see the full stack trace of the errors, re-run Maven with the -e switch.
[ERROR] Re-run Maven using the -X switch to enable full debug logging.
[ERROR] 
[ERROR] For more information about the errors and possible solutions, please read the following articles:
[ERROR] [Help 1] http://cwiki.apache.org/confluence/display/MAVEN/MojoExecutionException
